// Jest Snapshot v1, https://goo.gl/fbAQLP

exports[`Code challenge snapshot +++capturing Snapshot of code challenge  1`] = `<codeChallenge />`;
